[2025-11-12 23:38:03] Google OAuth: Script accessed with URL: /social/google.php?state=123&code=4%2F0Ab32j93CNovJ1C6RmUHoPmbt4b4vhlj5XKAmGi4Z2BAhIp9oiMUq_2bMoDd6lqsNUr-8bQ&scope=email+profile+https%3A%2F%2Fwww.googleapis.com%2Fauth%2Fuserinfo.profile+https%3A%2F%2Fwww.googleapis.com%2Fauth%2Fuserinfo.email+openid&authuser=0&prompt=none
[2025-11-12 23:38:03] Google OAuth: Processing authentication with code: 4/0Ab32j93CNovJ1C6Rm...
[2025-11-12 23:38:03] Google OAuth: Successfully got user info for: dudavx85@gmail.com
[2025-11-12 23:38:03] Google OAuth: Legacy path: /home/vv513819/maxtransltd.com/www/legacy/
[2025-11-13 01:38:03] Google OAuth: Legacy config loaded successfully
[2025-11-13 01:38:03] Google OAuth: User exists: Yes (ID: 298)
[2025-11-13 01:38:03] Google OAuth: User updated successfully. Redirecting to: /resources/views/legacy/debug/session_test.php
[2025-11-12 23:40:36] Google OAuth: Script accessed with URL: /social/google.php?state=123&code=4%2F0Ab32j914t4C0vaZbR8AIqt4R0sarOnnUK-l-PVV4P53yZftZWRWWA0FDkx8rP3LMAJOo4A&scope=email+profile+https%3A%2F%2Fwww.googleapis.com%2Fauth%2Fuserinfo.profile+https%3A%2F%2Fwww.googleapis.com%2Fauth%2Fuserinfo.email+openid&authuser=0&prompt=none
[2025-11-12 23:40:36] Google OAuth: Processing authentication with code: 4/0Ab32j914t4C0vaZbR...
[2025-11-12 23:40:36] Google OAuth: Successfully got user info for: dudavx85@gmail.com
[2025-11-12 23:40:36] Google OAuth: Legacy path: /home/vv513819/maxtransltd.com/www/legacy/
[2025-11-13 01:40:36] Google OAuth: Legacy config loaded successfully
[2025-11-13 01:40:36] Google OAuth: User exists: Yes (ID: 298)
[2025-11-13 01:40:36] Google OAuth: User updated successfully. Redirecting to: /debug/session
[2025-11-12 23:42:25] Google OAuth: Script accessed with URL: /social/google.php?state=123&code=4%2F0Ab32j91QmjTc38-clKWUD_iiGiLnZRhV8ObAdtaUAyFdH2QEc_zWSEvsKDQj7J9ugVWvTg&scope=email+profile+https%3A%2F%2Fwww.googleapis.com%2Fauth%2Fuserinfo.profile+openid+https%3A%2F%2Fwww.googleapis.com%2Fauth%2Fuserinfo.email&authuser=0&prompt=none
[2025-11-12 23:42:25] Google OAuth: Processing authentication with code: 4/0Ab32j91QmjTc38-cl...
[2025-11-12 23:42:25] Google OAuth: Successfully got user info for: dudavx85@gmail.com
[2025-11-12 23:42:25] Google OAuth: Legacy path: /home/vv513819/maxtransltd.com/www/legacy/
[2025-11-13 01:42:25] Google OAuth: Legacy config loaded successfully
[2025-11-13 01:42:25] Google OAuth: User exists: Yes (ID: 298)
[2025-11-13 01:42:25] Google OAuth: User updated successfully. Redirecting to: /majbutni-pozdki
[2025-11-13 01:42:25] Google OAuth: Session data: Array
(
    [auth] => 1
    [crypt] => 3567e620d6e2c48eb7de514bdcf0d803914717c8383a9b89f522bdda753cff4e78b34e192308d6af63bbdfd046148437217423385db161bb75cd922e04ce55e3
    [isAuth] => 1
    [email] => dudavx85@gmail.com
    [name] => Andrey
    [id] => 298
)

[2025-11-13 13:24:09] Google OAuth: Script accessed with URL: /social/google.php?state=123&code=4%2F0Ab32j91nGtLc8uLj2Wz4l2ZOD2RX7ARY1uP-ZITXhf-UKEzu8rGaI5PjNmYw-NS87om04Q&scope=email+profile+https%3A%2F%2Fwww.googleapis.com%2Fauth%2Fuserinfo.profile+https%3A%2F%2Fwww.googleapis.com%2Fauth%2Fuserinfo.email+openid&authuser=0&prompt=consent
[2025-11-13 13:24:09] Google OAuth: Processing authentication with code: 4/0Ab32j91nGtLc8uLj2...
[2025-11-13 13:24:09] Google OAuth: Successfully got user info for: hodanolga80@gmail.com
[2025-11-13 13:24:09] Google OAuth: Legacy path: /home/vv513819/maxtransltd.com/www/legacy/
[2025-11-13 15:24:09] Google OAuth: Legacy config loaded successfully
[2025-11-13 15:24:09] Google OAuth: User exists: No
[2025-11-13 15:24:09] Google OAuth: New user created successfully. Redirecting to: /majbutni-pozdki
[2025-11-13 15:24:09] Google OAuth: Session data: Array
(
    [auth] => 
    [crypt] => 98847ad5ae80ae14d5128146996e89c9511ca23fc42195ae9334894d4f2923faa3936d0c15a6e2345c32de295ccbbfd93ab3c5f0c0375605202c7937f42f1cf2
    [isAuth] => 1
    [email] => hodanolga80@gmail.com
    [name] => Ольга
    [id] => 300
)

[2025-12-05 11:00:09] Google OAuth: Script accessed with URL: /social/google.php?state=123&code=4%2F0ATX87lMpF2_C4Vc-im0aZJmQivGr_qu-klpM0E98_D4_0L9cWcuqwhjG90i9vcMxiIpjBg&scope=email+profile+https%3A%2F%2Fwww.googleapis.com%2Fauth%2Fuserinfo.profile+https%3A%2F%2Fwww.googleapis.com%2Fauth%2Fuserinfo.email+openid&authuser=0&prompt=consent
[2025-12-05 11:00:09] Google OAuth: Processing authentication with code: 4/0ATX87lMpF2_C4Vc-i...
[2025-12-05 11:00:10] Google OAuth: Successfully got user info for: shcherbyna.julia@gmail.com
[2025-12-05 11:00:10] Google OAuth: Legacy path: /home/vv513819/maxtransltd.com/www/legacy/
[2025-12-05 13:00:10] Google OAuth: Legacy config loaded successfully
[2025-12-05 13:00:10] Google OAuth: User exists: No
[2025-12-05 13:00:10] Google OAuth: New user created successfully. Redirecting to: /majbutni-pozdki
[2025-12-05 13:00:10] Google OAuth: Session data: Array
(
    [auth] => 
    [crypt] => 2e9d1161134c398ad423e940752ae656029151d2ab9ec62ceeaf8ebb638d2f38cfcedb42b8e1678334946f5594874cd5d130541e80ccab8dcf21f69abeee562a
    [isAuth] => 1
    [email] => shcherbyna.julia@gmail.com
    [name] => Yuliia
    [id] => 307
)

[2025-12-08 10:49:57] Google OAuth: Script accessed with URL: /social/google.php?state=123&code=4%2F0ATX87lOa19C6YilFXMdo9izk6AWxt9bw79f15t1w8-xlqD84CCtLJ07--kA4Sm6HKT30Mw&scope=email+profile+https%3A%2F%2Fwww.googleapis.com%2Fauth%2Fuserinfo.profile+https%3A%2F%2Fwww.googleapis.com%2Fauth%2Fuserinfo.email+openid&authuser=3&prompt=consent
[2025-12-08 10:49:57] Google OAuth: Processing authentication with code: 4/0ATX87lOa19C6YilFX...
[2025-12-08 10:49:58] Google OAuth: Successfully got user info for: elias.mrayan@gmail.com
[2025-12-08 10:49:58] Google OAuth: Legacy path: /home/vv513819/maxtransltd.com/www/legacy/
[2025-12-08 12:49:58] Google OAuth: Legacy config loaded successfully
[2025-12-08 12:49:58] Google OAuth: User exists: No
[2025-12-08 12:49:58] Google OAuth: New user created successfully. Redirecting to: /majbutni-pozdki
[2025-12-08 12:49:58] Google OAuth: Session data: Array
(
    [auth] => 
    [crypt] => f063798fae285e2daf545f33e560993f3c04c2fc7802c49a87252aacaa9f082792332a5fe975b31523292d2186dfa35d4c62fabc594ae1d90dc2f3923a0f17dd
    [isAuth] => 1
    [email] => elias.mrayan@gmail.com
    [name] => Elias
    [id] => 309
)

[2025-12-09 16:04:20] Google OAuth: Script accessed with URL: /social/google.php?state=123&code=4%2F0ATX87lPdE8krr6SuUx5scJRE4M97Xc1v8tzzo6PGEm_8Dnc4ECNyhCCntofgK3WoviStKA&scope=email+profile+https%3A%2F%2Fwww.googleapis.com%2Fauth%2Fuserinfo.email+https%3A%2F%2Fwww.googleapis.com%2Fauth%2Fuserinfo.profile+openid&authuser=0&prompt=none
[2025-12-09 16:04:20] Google OAuth: Processing authentication with code: 4/0ATX87lPdE8krr6SuU...
[2025-12-09 16:04:21] Google OAuth: Successfully got user info for: shcherbyna.julia@gmail.com
[2025-12-09 16:04:21] Google OAuth: Legacy path: /home/vv513819/maxtransltd.com/www/legacy/
[2025-12-09 18:04:21] Google OAuth: Legacy config loaded successfully
[2025-12-09 18:04:21] Google OAuth: User exists: Yes (ID: 307)
[2025-12-09 18:04:21] Google OAuth: User updated successfully. Redirecting to: /majbutni-pozdki
[2025-12-09 18:04:21] Google OAuth: Session data: Array
(
    [auth] => 
    [crypt] => 8808af3097fe234d7722bfad98e8eb7ceeed29f52742e2cff19819a70be3ee2dff347f2772707dfe441d9d703297f54615393c50a20a9b862ade653f77a9b060
    [isAuth] => 1
    [email] => shcherbyna.julia@gmail.com
    [name] => Yuliia
    [id] => 307
)

[2025-12-09 17:39:00] Google OAuth: Script accessed with URL: /social/google.php?state=123&code=4%2F0ATX87lMQmZGTdxET44u25cWQhXIq-TQylAhujDc-IIAVqXZ2FPUGg4vReSl3J6FpHZ2f4Q&scope=email+profile+https%3A%2F%2Fwww.googleapis.com%2Fauth%2Fuserinfo.profile+openid+https%3A%2F%2Fwww.googleapis.com%2Fauth%2Fuserinfo.email&authuser=0&prompt=none
[2025-12-09 17:39:00] Google OAuth: Processing authentication with code: 4/0ATX87lMQmZGTdxET4...
[2025-12-09 17:39:00] Google OAuth: Successfully got user info for: shcherbyna.julia@gmail.com
[2025-12-09 17:39:00] Google OAuth: Legacy path: /home/vv513819/maxtransltd.com/www/legacy/
[2025-12-09 19:39:00] Google OAuth: Legacy config loaded successfully
[2025-12-09 19:39:00] Google OAuth: User exists: Yes (ID: 307)
[2025-12-09 19:39:00] Google OAuth: User updated successfully. Redirecting to: /majbutni-pozdki
[2025-12-09 19:39:00] Google OAuth: Session data: Array
(
    [auth] => 
    [crypt] => 2ce6dc10c83d412aba7b816b66b38464275fc918a4a141df9104b6ce2842adda95bf4799ceceaf63880973a7dcf3d8183fd201514fd7622a7a20596fd902da08
    [isAuth] => 1
    [email] => shcherbyna.julia@gmail.com
    [name] => Yuliia
    [id] => 307
)

[2025-12-09 18:52:39] Google OAuth: Script accessed with URL: /social/google.php?state=123&code=4%2F0ATX87lMnTJdl9stUywBRCY36TcyWTaPXXtYOi8-ZEiDngxmWpA2Z6RXWUXRMoG0RwO4D0g&scope=email+profile+https%3A%2F%2Fwww.googleapis.com%2Fauth%2Fuserinfo.email+https%3A%2F%2Fwww.googleapis.com%2Fauth%2Fuserinfo.profile+openid&authuser=0&prompt=none
[2025-12-09 18:52:39] Google OAuth: Processing authentication with code: 4/0ATX87lMnTJdl9stUy...
[2025-12-09 18:52:39] Google OAuth: Successfully got user info for: shcherbyna.julia@gmail.com
[2025-12-09 18:52:39] Google OAuth: Legacy path: /home/vv513819/maxtransltd.com/www/legacy/
[2025-12-09 20:52:39] Google OAuth: Legacy config loaded successfully
[2025-12-09 20:52:39] Google OAuth: User exists: Yes (ID: 307)
[2025-12-09 20:52:39] Google OAuth: User updated successfully. Redirecting to: /majbutni-pozdki
[2025-12-09 20:52:39] Google OAuth: Session data: Array
(
    [auth] => 
    [crypt] => 930634fd3e072cb9a40c739ededfbd455bc4ea9f6d37da2b47cd59fcc6b0617a1d592730d392d9f5a857f8269bf1704de6337d57052b8e643ab505876a3f8d8b
    [isAuth] => 1
    [email] => shcherbyna.julia@gmail.com
    [name] => Yuliia
    [id] => 307
)

[2025-12-09 19:28:26] Google OAuth: Script accessed with URL: /social/google.php?state=123&code=4%2F0ATX87lNGzlwWQKM04HVqK4sdafk6I_t_jTu9nqS3y8JXssgW7N9s-zsECjnENb49ASy4Nw&scope=email+profile+https%3A%2F%2Fwww.googleapis.com%2Fauth%2Fuserinfo.profile+https%3A%2F%2Fwww.googleapis.com%2Fauth%2Fuserinfo.email+openid&authuser=0&prompt=none
[2025-12-09 19:28:26] Google OAuth: Processing authentication with code: 4/0ATX87lNGzlwWQKM04...
[2025-12-09 19:28:26] Google OAuth: Successfully got user info for: shcherbyna.julia@gmail.com
[2025-12-09 19:28:26] Google OAuth: Legacy path: /home/vv513819/maxtransltd.com/www/legacy/
[2025-12-09 21:28:26] Google OAuth: Legacy config loaded successfully
[2025-12-09 21:28:26] Google OAuth: User exists: Yes (ID: 307)
[2025-12-09 21:28:26] Google OAuth: User updated successfully. Redirecting to: /majbutni-pozdki
[2025-12-09 21:28:26] Google OAuth: Session data: Array
(
    [auth] => 1
    [crypt] => 9ed2f6c2daa786f3fa0ae3182914296b0721ddf6e8bbfab1757bda752205ac2e4b83a90717728edc6461d3ffc0c911d06787f59b1a528db088e8be2312fafb3a
    [isAuth] => 1
    [email] => shcherbyna.julia@gmail.com
    [name] => Yuliia
    [id] => 307
)

[2025-12-10 19:18:17] Google OAuth: Script accessed with URL: /social/google.php?state=123&code=4%2F0ATX87lNMyABWbM02-f1wsuxkYNEFRK9aUxDzsXqUeQvm_nCjvPDW0BxyTcog68TZ_SfjPA&scope=email+profile+https%3A%2F%2Fwww.googleapis.com%2Fauth%2Fuserinfo.profile+https%3A%2F%2Fwww.googleapis.com%2Fauth%2Fuserinfo.email+openid&authuser=0&prompt=none
[2025-12-10 19:18:17] Google OAuth: Processing authentication with code: 4/0ATX87lNMyABWbM02-...
[2025-12-10 19:18:17] Google OAuth: Successfully got user info for: shcherbyna.julia@gmail.com
[2025-12-10 19:18:17] Google OAuth: Legacy path: /home/vv513819/maxtransltd.com/www/legacy/
[2025-12-10 21:18:17] Google OAuth: Legacy config loaded successfully
[2025-12-10 21:18:17] Google OAuth: User exists: Yes (ID: 307)
[2025-12-10 21:18:17] Google OAuth: User updated successfully. Redirecting to: /majbutni-pozdki
[2025-12-10 21:18:17] Google OAuth: Session data: Array
(
    [auth] => 
    [crypt] => d4d33ccb53bcbf5bd090cfbecfa27e5ef4e2607cdee67687c15cd85a2b53634d4173ea6e28c3ade5113b53e86092bfd268bba1c9b584c930ed9c8530b38d6b0d
    [isAuth] => 1
    [email] => shcherbyna.julia@gmail.com
    [name] => Yuliia
    [id] => 307
)

[2025-12-11 14:26:29] Google OAuth: Script accessed with URL: /social/google.php?state=123&code=4%2F0ATX87lNhK9xQKi2si3-8hwWPgyLaGukJPdYWSDumGld5FJQDNMq_suNx3eIFjGFEDpiW0A&scope=email+profile+https%3A%2F%2Fwww.googleapis.com%2Fauth%2Fuserinfo.profile+https%3A%2F%2Fwww.googleapis.com%2Fauth%2Fuserinfo.email+openid&authuser=0&prompt=consent
[2025-12-11 14:26:29] Google OAuth: Processing authentication with code: 4/0ATX87lNhK9xQKi2si...
[2025-12-11 14:26:29] Google OAuth: Successfully got user info for: kudri2000@gmail.com
[2025-12-11 14:26:29] Google OAuth: Legacy path: /home/vv513819/maxtransltd.com/www/legacy/
[2025-12-11 16:26:29] Google OAuth: Legacy config loaded successfully
[2025-12-11 16:26:29] Google OAuth: User exists: No
[2025-12-11 16:26:29] Google OAuth: New user created successfully. Redirecting to: /majbutni-pozdki
[2025-12-11 16:26:29] Google OAuth: Session data: Array
(
    [auth] => 
    [crypt] => ade1d82ea423fab4dc33516d2165ce33a664aadffb52b53979be700cbeceff44a2515a96349ea46f2e051af5c2223029989a1965ad9d3bf48e90dc9844c0fda8
    [isAuth] => 1
    [email] => kudri2000@gmail.com
    [name] => Юлія
    [id] => 311
)

[2026-01-02 09:38:10] Google OAuth: Script accessed with URL: /social/google.php?state=123&code=4%2F0ATX87lNjgWQl7ik6Nsj-a1UywYKLz-TtsrLe7_vFzIq2-0_gtabxE4Lpn6pO480a8D4dxQ&scope=email+profile+https%3A%2F%2Fwww.googleapis.com%2Fauth%2Fuserinfo.profile+https%3A%2F%2Fwww.googleapis.com%2Fauth%2Fuserinfo.email+openid&authuser=0&prompt=consent
[2026-01-02 09:38:10] Google OAuth: Processing authentication with code: 4/0ATX87lNjgWQl7ik6N...
[2026-01-02 09:38:10] Google OAuth: Successfully got user info for: mariatopuria302@gmail.com
[2026-01-02 09:38:10] Google OAuth: Legacy path: /home/vv513819/maxtransltd.com/www/legacy/
[2026-01-02 11:38:10] Google OAuth: Legacy config loaded successfully
[2026-01-02 11:38:10] Google OAuth: User exists: Yes (ID: 198)
[2026-01-02 11:38:10] Google OAuth: User updated successfully. Redirecting to: /majbutni-pozdki
[2026-01-02 11:38:10] Google OAuth: Session data: Array
(
    [auth] => 
    [crypt] => 42bc85af5a37951d1752e9c652f45923cb693c8a5ab55197dc851719d8bd4f76907a227a7993078094467fefed8f105d39f26d624167ca187f026da1a2e82649
    [isAuth] => 1
    [email] => mariatopuria302@gmail.com
    [name] => Мария
    [id] => 198
)

[2026-01-03 02:17:30] Google OAuth: Script accessed with URL: /social/google.php?state=123&code=4%2F0ATX87lNJJgTYqyvFj_Kh-kG1TQ4nYL68MKY6mp3KznOOAfY3oW2Ax39M7R30zFUWe1PXrQ&scope=email+profile+https%3A%2F%2Fwww.googleapis.com%2Fauth%2Fuserinfo.profile+https%3A%2F%2Fwww.googleapis.com%2Fauth%2Fuserinfo.email+openid&authuser=0&prompt=consent
[2026-01-03 02:17:30] Google OAuth: Processing authentication with code: 4/0ATX87lNJJgTYqyvFj...
[2026-01-03 02:17:30] Google OAuth: Successfully got user info for: danil223kadermiatov@gmail.com
[2026-01-03 02:17:30] Google OAuth: Legacy path: /home/vv513819/maxtransltd.com/www/legacy/
[2026-01-03 04:17:30] Google OAuth: Legacy config loaded successfully
[2026-01-03 04:17:30] Google OAuth: User exists: No
[2026-01-03 04:17:30] Google OAuth: New user created successfully. Redirecting to: /majbutni-pozdki
[2026-01-03 04:17:30] Google OAuth: Session data: Array
(
    [auth] => 
    [crypt] => d078d5e59fc87ecdcda69adbef84e69d8464291234458a45430766e047f6c05d6c25a296a0db3164ab13a578c435354942e07bd992137268e840318067cbc01e
    [isAuth] => 1
    [email] => danil223kadermiatov@gmail.com
    [name] => danil
    [id] => 332
)

[2026-01-17 07:02:46] Google OAuth: Script accessed with URL: /social/google.php?state=123&code=4%2F0ASc3gC2TGjB4QelUiH0qmX25Hgz0IMRd0qyJA1BrrykTIF5gjjSq_-uHJzfaquCKXGzyjA&scope=email+profile+https%3A%2F%2Fwww.googleapis.com%2Fauth%2Fuserinfo.profile+https%3A%2F%2Fwww.googleapis.com%2Fauth%2Fuserinfo.email+openid&authuser=0&prompt=consent
[2026-01-17 07:02:46] Google OAuth: Processing authentication with code: 4/0ASc3gC2TGjB4QelUi...
[2026-01-17 07:02:46] Google OAuth: Successfully got user info for: alagorya21@gmail.com
[2026-01-17 07:02:46] Google OAuth: Legacy path: /home/vv513819/maxtransltd.com/www/legacy/
[2026-01-17 09:02:46] Google OAuth: Legacy config loaded successfully
[2026-01-17 09:02:46] Google OAuth: User exists: No
[2026-01-17 09:02:46] Google OAuth: New user created successfully. Redirecting to: /majbutni-pozdki
[2026-01-17 09:02:46] Google OAuth: Session data: Array
(
    [auth] => 
    [crypt] => a822b8d9fc9a87e47cbf8881a15a18a1a57055d1e108bf4e1ed9d68b5fcd6e584c52f0044db7e1160f226a9c31b5b475952d872f2cc27efa7080e388c6062b8e
    [isAuth] => 1
    [email] => alagorya21@gmail.com
    [name] => rita
    [id] => 341
)

[2026-01-17 07:18:10] Google OAuth: Script accessed with URL: /social/google.php?state=123&code=4%2F0ASc3gC2Xc-Xl3gix4h7qsaO1IQZB6wGDTOE2T5jm4O1jRRPoZss4eA6zMkP9IOeO17VVwA&scope=email+profile+https%3A%2F%2Fwww.googleapis.com%2Fauth%2Fuserinfo.email+openid+https%3A%2F%2Fwww.googleapis.com%2Fauth%2Fuserinfo.profile&authuser=0&prompt=none
[2026-01-17 07:18:10] Google OAuth: Processing authentication with code: 4/0ASc3gC2Xc-Xl3gix4...
[2026-01-17 07:18:10] Google OAuth: Successfully got user info for: alagorya21@gmail.com
[2026-01-17 07:18:10] Google OAuth: Legacy path: /home/vv513819/maxtransltd.com/www/legacy/
[2026-01-17 09:18:10] Google OAuth: Legacy config loaded successfully
[2026-01-17 09:18:10] Google OAuth: User exists: Yes (ID: 341)
[2026-01-17 09:18:10] Google OAuth: User updated successfully. Redirecting to: /majbutni-pozdki
[2026-01-17 09:18:10] Google OAuth: Session data: Array
(
    [auth] => 1
    [crypt] => acf18e91ad9a2078c4fec14cd12b0eb3e09398f344ed0dc21cd95bb0a5916d341baec50896f37bbc49e420366f0f0972767410f9493c16baecc1a707065221ff
    [isAuth] => 1
    [email] => alagorya21@gmail.com
    [name] => rita
    [id] => 341
)

[2026-01-17 07:24:49] Google OAuth: Script accessed with URL: /social/google.php?state=123&code=4%2F0ASc3gC1PqXpHAQhzHGgvaMJlMjO-94NmcO7uSWuQEbXjxc25hvHxr4xjIdQSS5u7n5Gt6A&scope=email+profile+https%3A%2F%2Fwww.googleapis.com%2Fauth%2Fuserinfo.profile+https%3A%2F%2Fwww.googleapis.com%2Fauth%2Fuserinfo.email+openid&authuser=0&prompt=none
[2026-01-17 07:24:49] Google OAuth: Processing authentication with code: 4/0ASc3gC1PqXpHAQhzH...
[2026-01-17 07:24:49] Google OAuth: Successfully got user info for: alagorya21@gmail.com
[2026-01-17 07:24:49] Google OAuth: Legacy path: /home/vv513819/maxtransltd.com/www/legacy/
[2026-01-17 09:24:49] Google OAuth: Legacy config loaded successfully
[2026-01-17 09:24:49] Google OAuth: User exists: Yes (ID: 341)
[2026-01-17 09:24:49] Google OAuth: User updated successfully. Redirecting to: /majbutni-pozdki
[2026-01-17 09:24:49] Google OAuth: Session data: Array
(
    [auth] => 
    [crypt] => 37946c8bde12fdc848f1d433aaff610450ed6699c2bf5bf26a17c8b99da9106fcb37f1cbdecfde95a8a65423023ffb65ac1511f46b5f6b4462403587e4864ef4
    [isAuth] => 1
    [email] => alagorya21@gmail.com
    [name] => rita
    [id] => 341
)

[2026-01-17 07:30:07] Google OAuth: Script accessed with URL: /social/google.php?state=123&code=4%2F0ASc3gC24nma1zpZPsjRkUnq9kvK1NZDMgEgSGBkHbZ8V6yVDhYN7XistQj18GCSyb82GLg&scope=email+profile+https%3A%2F%2Fwww.googleapis.com%2Fauth%2Fuserinfo.email+https%3A%2F%2Fwww.googleapis.com%2Fauth%2Fuserinfo.profile+openid&authuser=0&prompt=none
[2026-01-17 07:30:07] Google OAuth: Processing authentication with code: 4/0ASc3gC24nma1zpZPs...
[2026-01-17 07:30:08] Google OAuth: Successfully got user info for: alagorya21@gmail.com
[2026-01-17 07:30:08] Google OAuth: Legacy path: /home/vv513819/maxtransltd.com/www/legacy/
[2026-01-17 09:30:08] Google OAuth: Legacy config loaded successfully
[2026-01-17 09:30:08] Google OAuth: User exists: Yes (ID: 341)
[2026-01-17 09:30:08] Google OAuth: User updated successfully. Redirecting to: /majbutni-pozdki
[2026-01-17 09:30:08] Google OAuth: Session data: Array
(
    [auth] => 
    [crypt] => 47e0ff56cccc8bc705ae512f282dfb35643986394fbfee17ce056b1b7f33a542f9b9e8aa765c10eda208d1a920c688ec7bbd5abdc4f9188782afaa7061b3c785
    [isAuth] => 1
    [email] => alagorya21@gmail.com
    [name] => rita
    [id] => 341
)

[2026-01-17 07:33:16] Google OAuth: Script accessed with URL: /social/google.php?state=123&code=4%2F0ASc3gC13cJZdaA5LggML6okjr6nUtMVS0L-_ycL82T3Etxy3C0fFj1gE7Jmb1UiQ3e6ZXA&scope=email+profile+https%3A%2F%2Fwww.googleapis.com%2Fauth%2Fuserinfo.email+https%3A%2F%2Fwww.googleapis.com%2Fauth%2Fuserinfo.profile+openid&authuser=0&prompt=none
[2026-01-17 07:33:16] Google OAuth: Processing authentication with code: 4/0ASc3gC13cJZdaA5Lg...
[2026-01-17 07:33:17] Google OAuth: Successfully got user info for: alagorya21@gmail.com
[2026-01-17 07:33:17] Google OAuth: Legacy path: /home/vv513819/maxtransltd.com/www/legacy/
[2026-01-17 09:33:17] Google OAuth: Legacy config loaded successfully
[2026-01-17 09:33:17] Google OAuth: User exists: Yes (ID: 341)
[2026-01-17 09:33:17] Google OAuth: User updated successfully. Redirecting to: /majbutni-pozdki
[2026-01-17 09:33:17] Google OAuth: Session data: Array
(
    [auth] => 
    [crypt] => 9c46eed9f7a88b6489cea158cd0db9a59398cc66c65bca4f5d1b17b4a188927cfa746b35d8e081b9456b23f93a93643043a570eeb1797063fd493bad50b74771
    [isAuth] => 1
    [email] => alagorya21@gmail.com
    [name] => rita
    [id] => 341
)

[2026-01-23 13:44:54] Google OAuth: Script accessed with URL: /social/google.php?state=123&code=4%2F0ASc3gC1WAQZzffk8-bHjfbLWREXnD2y0ht_I-TpqE9mnVhDrGUufWHa73d8kBsdIg7w-7A&scope=email+profile+https%3A%2F%2Fwww.googleapis.com%2Fauth%2Fuserinfo.profile+https%3A%2F%2Fwww.googleapis.com%2Fauth%2Fuserinfo.email+openid&authuser=2&prompt=consent
[2026-01-23 13:44:54] Google OAuth: Processing authentication with code: 4/0ASc3gC1WAQZzffk8-...
[2026-01-23 13:44:55] Google OAuth: Successfully got user info for: peach1849@gmail.com
[2026-01-23 13:44:55] Google OAuth: Legacy path: /home/vv513819/maxtransltd.com/www/legacy/
[2026-01-23 15:44:55] Google OAuth: Legacy config loaded successfully
[2026-01-23 15:44:55] Google OAuth: User exists: No
[2026-01-23 15:44:55] Google OAuth: New user created successfully. Redirecting to: /majbutni-pozdki
[2026-01-23 15:44:55] Google OAuth: Session data: Array
(
    [auth] => 
    [crypt] => a5be14d8108ce9cd3ecaaadd70cc54bf4c38c638e643393188cab27c6269b87aa02fef591c9b94c483fcae88d8952d287b91af45a64d09e5306df441c4b79117
    [isAuth] => 1
    [email] => peach1849@gmail.com
    [name] => Людмила
    [id] => 344
)

[2026-01-30 18:07:34] Google OAuth: Script accessed with URL: /social/google.php?state=123&code=4%2F0ASc3gC1UQklcTxaXH8ltewO5avxbY9ySjAJz5t-5VUDgkEaJaZyhguOTrRcHj8FGz2vVcg&scope=email+profile+https%3A%2F%2Fwww.googleapis.com%2Fauth%2Fuserinfo.profile+https%3A%2F%2Fwww.googleapis.com%2Fauth%2Fuserinfo.email+openid&authuser=0&prompt=consent
[2026-01-30 18:07:34] Google OAuth: Processing authentication with code: 4/0ASc3gC1UQklcTxaXH...
[2026-01-30 18:07:35] Google OAuth: Successfully got user info for: asivenok97@gmail.com
[2026-01-30 18:07:35] Google OAuth: Legacy path: /home/vv513819/maxtransltd.com/www/legacy/
[2026-01-30 20:07:35] Google OAuth: Legacy config loaded successfully
[2026-01-30 20:07:35] Google OAuth: User exists: No
[2026-01-30 20:07:35] Google OAuth: New user created successfully. Redirecting to: /majbutni-pozdki
[2026-01-30 20:07:35] Google OAuth: Session data: Array
(
    [auth] => 
    [crypt] => b2c99fd1e7bc5c76505ed8e930566bf006b4b4ff3d5efeac2a96c72a647aab29d04e3c33bbfd0d1ef12b83412882c81595808d1ba51391912bd9de9da264d08c
    [isAuth] => 1
    [email] => asivenok97@gmail.com
    [name] => Альберт
    [id] => 350
)

[2026-01-31 17:44:57] Google OAuth: Script accessed with URL: /social/google.php?authuser=0&code=4%2F0ASc3gC37i6E3wI4GhWWLh8jPuvTcc42nnau3osTA-N5idteA9wnCvrsf8tA_XO98CK2yGQ&prompt=consent&scope=email%20profile%20https%3A%2F%2Fwww.googleapis.com%2Fauth%2Fuserinfo.profile%20https%3A%2F%2Fwww.googleapis.com%2Fauth%2Fuserinfo.email%20openid&state=123
[2026-01-31 17:44:57] Google OAuth: Processing authentication with code: 4/0ASc3gC37i6E3wI4Gh...
[2026-01-31 17:44:57] Google OAuth: Successfully got user info for: nastya7513@gmail.com
[2026-01-31 17:44:57] Google OAuth: Legacy path: /home/vv513819/maxtransltd.com/www/legacy/
[2026-01-31 19:44:57] Google OAuth: Legacy config loaded successfully
[2026-01-31 19:44:57] Google OAuth: User exists: No
[2026-01-31 19:44:57] Google OAuth: New user created successfully. Redirecting to: /majbutni-pozdki
[2026-01-31 19:44:57] Google OAuth: Session data: Array
(
    [auth] => 
    [crypt] => eaab51b7af31f602f737e156b5adc7bf7a028911fe4b7fc8ef25f40667bb16362f7000d19111b331741cb2b985d231531a6c899b5867022d36afd1ab5c32e4a2
    [isAuth] => 1
    [email] => nastya7513@gmail.com
    [name] => Анастасия
    [id] => 351
)

[2026-02-01 11:32:10] Google OAuth: Script accessed with URL: /social/google.php?authuser=0&code=4%2F0ASc3gC33H7CBgZC2H06EOaKwyRyYtbvyo-RbOTpoQb5sXwHDY9X3UTY3Vr-rhKHfhHCtcQ&prompt=consent&scope=email%20profile%20https%3A%2F%2Fwww.googleapis.com%2Fauth%2Fuserinfo.profile%20https%3A%2F%2Fwww.googleapis.com%2Fauth%2Fuserinfo.email%20openid&state=123
[2026-02-01 11:32:10] Google OAuth: Processing authentication with code: 4/0ASc3gC33H7CBgZC2H...
[2026-02-01 11:32:10] Google OAuth: Successfully got user info for: tanya7367891@gmail.com
[2026-02-01 11:32:10] Google OAuth: Legacy path: /home/vv513819/maxtransltd.com/www/legacy/
[2026-02-01 13:32:10] Google OAuth: Legacy config loaded successfully
[2026-02-01 13:32:10] Google OAuth: User exists: No
[2026-02-01 13:32:10] Google OAuth: New user created successfully. Redirecting to: /majbutni-pozdki
[2026-02-01 13:32:10] Google OAuth: Session data: Array
(
    [auth] => 
    [crypt] => 86ea5f34edea2f76bde227c46cfbea169d29beab5b01a72b349bcb2d0580ab447a0162b041f6e2272f6664a17110b6dc586058a6cdb5062e91d1329101e1a8dd
    [isAuth] => 1
    [email] => tanya7367891@gmail.com
    [name] => Тетяна
    [id] => 352
)

[2026-02-01 18:12:26] Google OAuth: Script accessed with URL: /social/google.php?authuser=0&code=4%2F0ASc3gC1brrG6RajY8K2cTnIXKtGCSUw2SyhcpdMTtm3JLKZDZHmeNmy0xKNQa58_FR6G3g&prompt=none&scope=email%20profile%20https%3A%2F%2Fwww.googleapis.com%2Fauth%2Fuserinfo.email%20openid%20https%3A%2F%2Fwww.googleapis.com%2Fauth%2Fuserinfo.profile&state=123
[2026-02-01 18:12:26] Google OAuth: Processing authentication with code: 4/0ASc3gC1brrG6RajY8...
[2026-02-01 18:12:26] Google OAuth: Successfully got user info for: tanya7367891@gmail.com
[2026-02-01 18:12:26] Google OAuth: Legacy path: /home/vv513819/maxtransltd.com/www/legacy/
[2026-02-01 20:12:26] Google OAuth: Legacy config loaded successfully
[2026-02-01 20:12:26] Google OAuth: User exists: Yes (ID: 352)
[2026-02-01 20:12:26] Google OAuth: User updated successfully. Redirecting to: /majbutni-pozdki
[2026-02-01 20:12:26] Google OAuth: Session data: Array
(
    [auth] => 
    [crypt] => 19a689e6bb44f21c9a29419b21733c6ca0c2c3eed0adad6bad92699ec1445576ce8b5d922ab03f6d8c1c332cf1754e1e1320eb7ba9e8554b346aca603eb21c4c
    [isAuth] => 1
    [email] => tanya7367891@gmail.com
    [name] => Тетяна
    [id] => 352
)

[2026-02-01 18:13:12] Google OAuth: Script accessed with URL: /social/google.php?authuser=0&code=4%2F0ASc3gC3GI16qk9DL8dyI3bI4vpdYZ37uykaZo7DDo2MZsIK9MD8PdbCXW2h8wA71dOmbfg&prompt=none&scope=email%20profile%20https%3A%2F%2Fwww.googleapis.com%2Fauth%2Fuserinfo.email%20https%3A%2F%2Fwww.googleapis.com%2Fauth%2Fuserinfo.profile%20openid&state=123
[2026-02-01 18:13:12] Google OAuth: Processing authentication with code: 4/0ASc3gC3GI16qk9DL8...
[2026-02-01 18:13:13] Google OAuth: Successfully got user info for: tanya7367891@gmail.com
[2026-02-01 18:13:13] Google OAuth: Legacy path: /home/vv513819/maxtransltd.com/www/legacy/
[2026-02-01 20:13:13] Google OAuth: Legacy config loaded successfully
[2026-02-01 20:13:13] Google OAuth: User exists: Yes (ID: 352)
[2026-02-01 20:13:13] Google OAuth: User updated successfully. Redirecting to: /majbutni-pozdki
[2026-02-01 20:13:13] Google OAuth: Session data: Array
(
    [auth] => 1
    [crypt] => 311bc2d4d551cda071ccaf9abc2f52c9345e6dfde8822188a97360ef84bb22f79f14fc9f7575e85d57bb5986153cac6cbcd9262a65a3d14f22e648654ecc60cc
    [isAuth] => 1
    [email] => tanya7367891@gmail.com
    [name] => Тетяна
    [id] => 352
)

[2026-02-02 13:36:37] Google OAuth: Script accessed with URL: /social/google.php?authuser=0&code=4%2F0ASc3gC0PrFY2KZoI1L8XoaadBTMnEJ1R0MwB-kAxIiLrQcf68I6GFrvx1OHJQPW3qEHfnQ&prompt=consent&scope=email%20profile%20https%3A%2F%2Fwww.googleapis.com%2Fauth%2Fuserinfo.profile%20https%3A%2F%2Fwww.googleapis.com%2Fauth%2Fuserinfo.email%20openid&state=123
[2026-02-02 13:36:37] Google OAuth: Processing authentication with code: 4/0ASc3gC0PrFY2KZoI1...
[2026-02-02 13:36:37] Google OAuth: Successfully got user info for: sulfir0010@gmail.com
[2026-02-02 13:36:37] Google OAuth: Legacy path: /home/vv513819/maxtransltd.com/www/legacy/
[2026-02-02 15:36:37] Google OAuth: Legacy config loaded successfully
[2026-02-02 15:36:37] Google OAuth: User exists: No
[2026-02-02 15:36:37] Google OAuth: New user created successfully. Redirecting to: /majbutni-pozdki
[2026-02-02 15:36:37] Google OAuth: Session data: Array
(
    [auth] => 
    [crypt] => 619e045fa5eba2e284a1f669d1a36dfc61e66da24c18dfc684bc3c625c0ea60174fbea6a3d87671d18aa3ed212545009fc582f7bbb70816fb89a4fb505956f0f
    [isAuth] => 1
    [email] => sulfir0010@gmail.com
    [name] => Andrii
    [id] => 353
)

[2026-02-03 22:26:57] Google OAuth: Script accessed with URL: /social/google.php?authuser=0&code=4%2F0ASc3gC2QkL-1ylH3FbMWdKk_GQi_munRg3MBHFaFuJv0TeuvSZlRIVGNIzWSL8WKr9dSIg&prompt=none&scope=email%20profile%20openid%20https%3A%2F%2Fwww.googleapis.com%2Fauth%2Fuserinfo.email%20https%3A%2F%2Fwww.googleapis.com%2Fauth%2Fuserinfo.profile&state=123
[2026-02-03 22:26:57] Google OAuth: Processing authentication with code: 4/0ASc3gC2QkL-1ylH3F...
[2026-02-03 22:26:57] Google OAuth: Successfully got user info for: alagorya21@gmail.com
[2026-02-03 22:26:57] Google OAuth: Legacy path: /home/vv513819/maxtransltd.com/www/legacy/
[2026-02-04 00:26:57] Google OAuth: Legacy config loaded successfully
[2026-02-04 00:26:57] Google OAuth: User exists: Yes (ID: 341)
[2026-02-04 00:26:57] Google OAuth: User updated successfully. Redirecting to: /majbutni-pozdki
[2026-02-04 00:26:57] Google OAuth: Session data: Array
(
    [auth] => 
    [crypt] => af160b660cfb4dfac4117b4c600715f618ccc5c65dd7fbdac7e42f598211280525eb5636af6224bf015db1dab3ca201cc61dd4b0cc662020912170e2a5da3d34
    [isAuth] => 1
    [email] => alagorya21@gmail.com
    [name] => rita
    [id] => 341
)

[2026-02-05 17:15:20] Google OAuth: Script accessed with URL: /social/google.php?authuser=0&code=4%2F0ASc3gC0Xpiiy09r2eQqKggTJ2T0g1R5zdg3fAfcrRcG96LlK8hONxVyLe6KnXI5nduEPDQ&prompt=none&scope=email%20profile%20https%3A%2F%2Fwww.googleapis.com%2Fauth%2Fuserinfo.profile%20openid%20https%3A%2F%2Fwww.googleapis.com%2Fauth%2Fuserinfo.email&state=123
[2026-02-05 17:15:20] Google OAuth: Processing authentication with code: 4/0ASc3gC0Xpiiy09r2e...
[2026-02-05 17:15:20] Google OAuth: Successfully got user info for: alagorya21@gmail.com
[2026-02-05 17:15:20] Google OAuth: Legacy path: /home/vv513819/maxtransltd.com/www/legacy/
[2026-02-05 19:15:20] Google OAuth: Legacy config loaded successfully
[2026-02-05 19:15:20] Google OAuth: User exists: Yes (ID: 341)
[2026-02-05 19:15:20] Google OAuth: User updated successfully. Redirecting to: /majbutni-pozdki
[2026-02-05 19:15:20] Google OAuth: Session data: Array
(
    [auth] => 
    [crypt] => 15c4f2dbab49c207b8f130ff79fcf84184ab0c6e7837f9bf154370c28f03fc74667c6f043d93dd22a3152c24606fd300e09577dd3b8f1fc44bf29b9b4e96e9d6
    [isAuth] => 1
    [email] => alagorya21@gmail.com
    [name] => rita
    [id] => 341
)

[2026-02-05 18:21:17] Google OAuth: Script accessed with URL: /social/google.php?authuser=0&code=4%2F0ASc3gC0DaJ6xTGHdM11O04a3AaoUZkJJFrUmvu-c1dh_sS6JPGorb6uCwmGXxAw39ognBA&prompt=none&scope=email%20profile%20https%3A%2F%2Fwww.googleapis.com%2Fauth%2Fuserinfo.email%20https%3A%2F%2Fwww.googleapis.com%2Fauth%2Fuserinfo.profile%20openid&state=123
[2026-02-05 18:21:17] Google OAuth: Processing authentication with code: 4/0ASc3gC0DaJ6xTGHdM...
[2026-02-05 18:21:18] Google OAuth: Successfully got user info for: nastya7513@gmail.com
[2026-02-05 18:21:18] Google OAuth: Legacy path: /home/vv513819/maxtransltd.com/www/legacy/
[2026-02-05 20:21:18] Google OAuth: Legacy config loaded successfully
[2026-02-05 20:21:18] Google OAuth: User exists: Yes (ID: 351)
[2026-02-05 20:21:18] Google OAuth: User updated successfully. Redirecting to: /majbutni-pozdki
[2026-02-05 20:21:18] Google OAuth: Session data: Array
(
    [auth] => 
    [crypt] => 44a3a2fcd431c8b455becc0541ad9be7be424f34c1b45b76eba48ae3a44b9aae83b8ce7458633772ed0d5a64f37f68d0803ebbca94bbd76b656480d3dd1f9a1e
    [isAuth] => 1
    [email] => nastya7513@gmail.com
    [name] => Анастасия
    [id] => 351
)

[2026-02-05 18:23:10] Google OAuth: Script accessed with URL: /social/google.php?authuser=0&code=4%2F0ASc3gC1NLmo8xGWPIyTJDD1gjLclNTmBa5N7YbQQF6SkhlE7vdVzL4D4mRGgyRq36uKNzA&prompt=none&scope=email%20profile%20openid%20https%3A%2F%2Fwww.googleapis.com%2Fauth%2Fuserinfo.profile%20https%3A%2F%2Fwww.googleapis.com%2Fauth%2Fuserinfo.email&state=123
[2026-02-05 18:23:10] Google OAuth: Processing authentication with code: 4/0ASc3gC1NLmo8xGWPI...
[2026-02-05 18:23:11] Google OAuth: Successfully got user info for: nastya7513@gmail.com
[2026-02-05 18:23:11] Google OAuth: Legacy path: /home/vv513819/maxtransltd.com/www/legacy/
[2026-02-05 20:23:11] Google OAuth: Legacy config loaded successfully
[2026-02-05 20:23:11] Google OAuth: User exists: Yes (ID: 351)
[2026-02-05 20:23:11] Google OAuth: User updated successfully. Redirecting to: /majbutni-pozdki
[2026-02-05 20:23:11] Google OAuth: Session data: Array
(
    [auth] => 
    [crypt] => 42a194dba658d5282317641e10de33efdff10d532648b43ed6390e21174d0f60cf026e23ea9ec0b0bb7210c01e0329e83cdf6628cd9036c162d741587441bf73
    [isAuth] => 1
    [email] => nastya7513@gmail.com
    [name] => Анастасия
    [id] => 351
)

[2026-02-09 17:45:56] Google OAuth: Script accessed with URL: /social/google.php?authuser=0&code=4%2F0ASc3gC2Kqqq73_cMuijaTAFawr-LYMh0ArpPJRcw-DWIb2-BKOv0noM7caEPm4ebXt27mw&prompt=none&scope=email%20profile%20https%3A%2F%2Fwww.googleapis.com%2Fauth%2Fuserinfo.email%20https%3A%2F%2Fwww.googleapis.com%2Fauth%2Fuserinfo.profile%20openid&state=123
[2026-02-09 17:45:56] Google OAuth: Processing authentication with code: 4/0ASc3gC2Kqqq73_cMu...
[2026-02-09 17:45:56] Google OAuth: Successfully got user info for: sulfir0010@gmail.com
[2026-02-09 17:45:56] Google OAuth: Legacy path: /home/vv513819/maxtransltd.com/www/legacy/
[2026-02-09 19:45:56] Google OAuth: Legacy config loaded successfully
[2026-02-09 19:45:56] Google OAuth: User exists: Yes (ID: 353)
[2026-02-09 19:45:56] Google OAuth: User updated successfully. Redirecting to: /majbutni-pozdki
[2026-02-09 19:45:56] Google OAuth: Session data: Array
(
    [auth] => 
    [crypt] => 0c9730f27da49e13e9350b6abe568340f4eb3778601febe8e2dc03c2b095c67d3dfafc25ad20c1f319b3eea6134e8401825dff5a54267e3aecec8cdb83431a1b
    [isAuth] => 1
    [email] => sulfir0010@gmail.com
    [name] => Andrii
    [id] => 353
)

[2026-02-10 18:50:07] Google OAuth: Script accessed with URL: /social/google.php?authuser=0&code=4%2F0ASc3gC0RzF8DvKFutslqeUi37EbKoR2xCmZujsonPSBe6-r1BbjS6BNyZjDjSoYIs_DtxQ&prompt=consent&scope=email%20profile%20https%3A%2F%2Fwww.googleapis.com%2Fauth%2Fuserinfo.profile%20https%3A%2F%2Fwww.googleapis.com%2Fauth%2Fuserinfo.email%20openid&state=123
[2026-02-10 18:50:07] Google OAuth: Processing authentication with code: 4/0ASc3gC0RzF8DvKFut...
[2026-02-10 18:50:07] Google OAuth: Successfully got user info for: svetakeibash@gmail.com
[2026-02-10 18:50:07] Google OAuth: Legacy path: /home/vv513819/maxtransltd.com/www/legacy/
[2026-02-10 20:50:07] Google OAuth: Legacy config loaded successfully
[2026-02-10 20:50:07] Google OAuth: User exists: No
[2026-02-10 20:50:07] Google OAuth: New user created successfully. Redirecting to: /majbutni-pozdki
[2026-02-10 20:50:07] Google OAuth: Session data: Array
(
    [auth] => 
    [crypt] => eb624dc8950d80a34b6b9a4d27764678a4227c3cb33b7ff75ba457231a5d97dc2f7760990b0b00c5f51055c6422eb5827c2d9c6b39c645a24574e1ccc2077945
    [isAuth] => 1
    [email] => svetakeibash@gmail.com
    [name] => Svitlana
    [id] => 357
)

